2023-12-05 18:00:43,670 [Worker-1: Loading available Gradle versions] INFO  o.e.b.c.i.u.g.PublishedGradleVersions - Gradle version information cache is up-to-date. Trying to read.
2023-12-05 18:01:17,757 [Worker-1: Loading available Gradle versions] INFO  o.e.b.c.i.u.g.PublishedGradleVersions - Gradle version information cache is up-to-date. Trying to read.
2023-12-05 18:03:57,209 [ModalContext] INFO  o.e.m.c.i.e.AbstractTransferListenerAdapter - Downloading https://repo.maven.apache.org/maven2/net/liftweb/lift-archetype-jpa-basic/2.0/lift-archetype-jpa-basic-2.0.pom
2023-12-05 18:03:57,435 [ModalContext] INFO  o.e.m.c.i.e.AbstractTransferListenerAdapter - Downloaded https://repo.maven.apache.org/maven2/net/liftweb/lift-archetype-jpa-basic/2.0/lift-archetype-jpa-basic-2.0.pom
2023-12-05 18:03:57,666 [ModalContext] INFO  o.e.m.c.i.e.AbstractTransferListenerAdapter - Downloading https://repo.maven.apache.org/maven2/net/liftweb/archetypes/2.0/archetypes-2.0.pom
2023-12-05 18:03:57,910 [ModalContext] INFO  o.e.m.c.i.e.AbstractTransferListenerAdapter - Downloaded https://repo.maven.apache.org/maven2/net/liftweb/archetypes/2.0/archetypes-2.0.pom
2023-12-05 18:03:58,122 [ModalContext] INFO  o.e.m.c.i.e.AbstractTransferListenerAdapter - Downloading https://repo.maven.apache.org/maven2/net/liftweb/lift-parent/2.0/lift-parent-2.0.pom
2023-12-05 18:03:58,353 [ModalContext] INFO  o.e.m.c.i.e.AbstractTransferListenerAdapter - Downloaded https://repo.maven.apache.org/maven2/net/liftweb/lift-parent/2.0/lift-parent-2.0.pom
2023-12-05 18:03:58,661 [ModalContext] INFO  o.e.m.c.i.e.AbstractTransferListenerAdapter - Downloading https://repo.maven.apache.org/maven2/net/liftweb/lift-archetype-jpa-basic/2.0/lift-archetype-jpa-basic-2.0.jar
2023-12-05 18:03:58,880 [ModalContext] INFO  o.e.m.c.i.e.AbstractTransferListenerAdapter - Downloaded https://repo.maven.apache.org/maven2/net/liftweb/lift-archetype-jpa-basic/2.0/lift-archetype-jpa-basic-2.0.jar
2023-12-05 18:07:07,937 [Worker-10: Launching mavenrun-d2da4581-f42e-4171-9691-933b49545e66] INFO  o.eclipse.m2e.core.internal.Bundles - getClasspathEntries(Bundle=org.eclipse.m2e.maven.runtime_3.9.400.20230826-0755 [292])
2023-12-05 18:07:07,939 [Worker-10: Launching mavenrun-d2da4581-f42e-4171-9691-933b49545e66] INFO  o.eclipse.m2e.core.internal.Bundles - 	Entry: /Users/jeonminjeong/.p2/pool/plugins/org.eclipse.m2e.maven.runtime_3.9.400.20230826-0755
2023-12-05 18:07:07,939 [Worker-10: Launching mavenrun-d2da4581-f42e-4171-9691-933b49545e66] INFO  o.eclipse.m2e.core.internal.Bundles - 	Entry: /Users/jeonminjeong/.p2/pool/plugins/org.eclipse.m2e.maven.runtime_3.9.400.20230826-0755/jars/aether-connector-okhttp-0.17.8.jar
2023-12-05 18:07:07,939 [Worker-10: Launching mavenrun-d2da4581-f42e-4171-9691-933b49545e66] INFO  o.eclipse.m2e.core.internal.Bundles - 	Entry: /Users/jeonminjeong/.p2/pool/plugins/org.eclipse.m2e.maven.runtime_3.9.400.20230826-0755/jars/aopalliance-1.0.jar
2023-12-05 18:07:07,940 [Worker-10: Launching mavenrun-d2da4581-f42e-4171-9691-933b49545e66] INFO  o.eclipse.m2e.core.internal.Bundles - 	Entry: /Users/jeonminjeong/.p2/pool/plugins/org.eclipse.m2e.maven.runtime_3.9.400.20230826-0755/jars/commons-lang3-3.12.0.jar
2023-12-05 18:07:07,940 [Worker-10: Launching mavenrun-d2da4581-f42e-4171-9691-933b49545e66] INFO  o.eclipse.m2e.core.internal.Bundles - 	Entry: /Users/jeonminjeong/.p2/pool/plugins/org.eclipse.m2e.maven.runtime_3.9.400.20230826-0755/jars/guice-5.1.0.jar
2023-12-05 18:07:07,940 [Worker-10: Launching mavenrun-d2da4581-f42e-4171-9691-933b49545e66] INFO  o.eclipse.m2e.core.internal.Bundles - 	Entry: /Users/jeonminjeong/.p2/pool/plugins/org.eclipse.m2e.maven.runtime_3.9.400.20230826-0755/jars/jansi-2.4.0.jar
2023-12-05 18:07:07,940 [Worker-10: Launching mavenrun-d2da4581-f42e-4171-9691-933b49545e66] INFO  o.eclipse.m2e.core.internal.Bundles - 	Entry: /Users/jeonminjeong/.p2/pool/plugins/org.eclipse.m2e.maven.runtime_3.9.400.20230826-0755/jars/maven-artifact-3.9.4.jar
2023-12-05 18:07:07,940 [Worker-10: Launching mavenrun-d2da4581-f42e-4171-9691-933b49545e66] INFO  o.eclipse.m2e.core.internal.Bundles - 	Entry: /Users/jeonminjeong/.p2/pool/plugins/org.eclipse.m2e.maven.runtime_3.9.400.20230826-0755/jars/maven-builder-support-3.9.4.jar
2023-12-05 18:07:07,940 [Worker-10: Launching mavenrun-d2da4581-f42e-4171-9691-933b49545e66] INFO  o.eclipse.m2e.core.internal.Bundles - 	Entry: /Users/jeonminjeong/.p2/pool/plugins/org.eclipse.m2e.maven.runtime_3.9.400.20230826-0755/jars/maven-compat-3.9.4.jar
2023-12-05 18:07:07,940 [Worker-10: Launching mavenrun-d2da4581-f42e-4171-9691-933b49545e66] INFO  o.eclipse.m2e.core.internal.Bundles - 	Entry: /Users/jeonminjeong/.p2/pool/plugins/org.eclipse.m2e.maven.runtime_3.9.400.20230826-0755/jars/maven-core-3.9.4.jar
2023-12-05 18:07:07,940 [Worker-10: Launching mavenrun-d2da4581-f42e-4171-9691-933b49545e66] INFO  o.eclipse.m2e.core.internal.Bundles - 	Entry: /Users/jeonminjeong/.p2/pool/plugins/org.eclipse.m2e.maven.runtime_3.9.400.20230826-0755/jars/maven-embedder-3.9.4.jar
2023-12-05 18:07:07,940 [Worker-10: Launching mavenrun-d2da4581-f42e-4171-9691-933b49545e66] INFO  o.eclipse.m2e.core.internal.Bundles - 	Entry: /Users/jeonminjeong/.p2/pool/plugins/org.eclipse.m2e.maven.runtime_3.9.400.20230826-0755/jars/maven-model-3.9.4.jar
2023-12-05 18:07:07,940 [Worker-10: Launching mavenrun-d2da4581-f42e-4171-9691-933b49545e66] INFO  o.eclipse.m2e.core.internal.Bundles - 	Entry: /Users/jeonminjeong/.p2/pool/plugins/org.eclipse.m2e.maven.runtime_3.9.400.20230826-0755/jars/maven-model-builder-3.9.4.jar
2023-12-05 18:07:07,940 [Worker-10: Launching mavenrun-d2da4581-f42e-4171-9691-933b49545e66] INFO  o.eclipse.m2e.core.internal.Bundles - 	Entry: /Users/jeonminjeong/.p2/pool/plugins/org.eclipse.m2e.maven.runtime_3.9.400.20230826-0755/jars/maven-plugin-api-3.9.4.jar
2023-12-05 18:07:07,940 [Worker-10: Launching mavenrun-d2da4581-f42e-4171-9691-933b49545e66] INFO  o.eclipse.m2e.core.internal.Bundles - 	Entry: /Users/jeonminjeong/.p2/pool/plugins/org.eclipse.m2e.maven.runtime_3.9.400.20230826-0755/jars/maven-repository-metadata-3.9.4.jar
2023-12-05 18:07:07,940 [Worker-10: Launching mavenrun-d2da4581-f42e-4171-9691-933b49545e66] INFO  o.eclipse.m2e.core.internal.Bundles - 	Entry: /Users/jeonminjeong/.p2/pool/plugins/org.eclipse.m2e.maven.runtime_3.9.400.20230826-0755/jars/maven-resolver-api-1.9.14.jar
2023-12-05 18:07:07,940 [Worker-10: Launching mavenrun-d2da4581-f42e-4171-9691-933b49545e66] INFO  o.eclipse.m2e.core.internal.Bundles - 	Entry: /Users/jeonminjeong/.p2/pool/plugins/org.eclipse.m2e.maven.runtime_3.9.400.20230826-0755/jars/maven-resolver-connector-basic-1.9.14.jar
2023-12-05 18:07:07,940 [Worker-10: Launching mavenrun-d2da4581-f42e-4171-9691-933b49545e66] INFO  o.eclipse.m2e.core.internal.Bundles - 	Entry: /Users/jeonminjeong/.p2/pool/plugins/org.eclipse.m2e.maven.runtime_3.9.400.20230826-0755/jars/maven-resolver-impl-1.9.14.jar
2023-12-05 18:07:07,940 [Worker-10: Launching mavenrun-d2da4581-f42e-4171-9691-933b49545e66] INFO  o.eclipse.m2e.core.internal.Bundles - 	Entry: /Users/jeonminjeong/.p2/pool/plugins/org.eclipse.m2e.maven.runtime_3.9.400.20230826-0755/jars/maven-resolver-named-locks-1.9.14.jar
2023-12-05 18:07:07,940 [Worker-10: Launching mavenrun-d2da4581-f42e-4171-9691-933b49545e66] INFO  o.eclipse.m2e.core.internal.Bundles - 	Entry: /Users/jeonminjeong/.p2/pool/plugins/org.eclipse.m2e.maven.runtime_3.9.400.20230826-0755/jars/maven-resolver-provider-3.9.4.jar
2023-12-05 18:07:07,940 [Worker-10: Launching mavenrun-d2da4581-f42e-4171-9691-933b49545e66] INFO  o.eclipse.m2e.core.internal.Bundles - 	Entry: /Users/jeonminjeong/.p2/pool/plugins/org.eclipse.m2e.maven.runtime_3.9.400.20230826-0755/jars/maven-resolver-spi-1.9.14.jar
2023-12-05 18:07:07,940 [Worker-10: Launching mavenrun-d2da4581-f42e-4171-9691-933b49545e66] INFO  o.eclipse.m2e.core.internal.Bundles - 	Entry: /Users/jeonminjeong/.p2/pool/plugins/org.eclipse.m2e.maven.runtime_3.9.400.20230826-0755/jars/maven-resolver-transport-wagon-1.9.14.jar
2023-12-05 18:07:07,940 [Worker-10: Launching mavenrun-d2da4581-f42e-4171-9691-933b49545e66] INFO  o.eclipse.m2e.core.internal.Bundles - 	Entry: /Users/jeonminjeong/.p2/pool/plugins/org.eclipse.m2e.maven.runtime_3.9.400.20230826-0755/jars/maven-resolver-util-1.9.14.jar
2023-12-05 18:07:07,941 [Worker-10: Launching mavenrun-d2da4581-f42e-4171-9691-933b49545e66] INFO  o.eclipse.m2e.core.internal.Bundles - 	Entry: /Users/jeonminjeong/.p2/pool/plugins/org.eclipse.m2e.maven.runtime_3.9.400.20230826-0755/jars/maven-settings-3.9.4.jar
2023-12-05 18:07:07,941 [Worker-10: Launching mavenrun-d2da4581-f42e-4171-9691-933b49545e66] INFO  o.eclipse.m2e.core.internal.Bundles - 	Entry: /Users/jeonminjeong/.p2/pool/plugins/org.eclipse.m2e.maven.runtime_3.9.400.20230826-0755/jars/maven-settings-builder-3.9.4.jar
2023-12-05 18:07:07,941 [Worker-10: Launching mavenrun-d2da4581-f42e-4171-9691-933b49545e66] INFO  o.eclipse.m2e.core.internal.Bundles - 	Entry: /Users/jeonminjeong/.p2/pool/plugins/org.eclipse.m2e.maven.runtime_3.9.400.20230826-0755/jars/maven-shared-utils-3.3.4.jar
2023-12-05 18:07:07,941 [Worker-10: Launching mavenrun-d2da4581-f42e-4171-9691-933b49545e66] INFO  o.eclipse.m2e.core.internal.Bundles - 	Entry: /Users/jeonminjeong/.p2/pool/plugins/org.eclipse.m2e.maven.runtime_3.9.400.20230826-0755/jars/okhttp-3.14.1.jar
2023-12-05 18:07:07,941 [Worker-10: Launching mavenrun-d2da4581-f42e-4171-9691-933b49545e66] INFO  o.eclipse.m2e.core.internal.Bundles - 	Entry: /Users/jeonminjeong/.p2/pool/plugins/org.eclipse.m2e.maven.runtime_3.9.400.20230826-0755/jars/okio-1.17.3.jar
2023-12-05 18:07:07,941 [Worker-10: Launching mavenrun-d2da4581-f42e-4171-9691-933b49545e66] INFO  o.eclipse.m2e.core.internal.Bundles - 	Entry: /Users/jeonminjeong/.p2/pool/plugins/org.eclipse.m2e.maven.runtime_3.9.400.20230826-0755/jars/org.eclipse.sisu.inject-0.3.5.jar
2023-12-05 18:07:07,941 [Worker-10: Launching mavenrun-d2da4581-f42e-4171-9691-933b49545e66] INFO  o.eclipse.m2e.core.internal.Bundles - 	Entry: /Users/jeonminjeong/.p2/pool/plugins/org.eclipse.m2e.maven.runtime_3.9.400.20230826-0755/jars/org.eclipse.sisu.plexus-0.3.5.jar
2023-12-05 18:07:07,941 [Worker-10: Launching mavenrun-d2da4581-f42e-4171-9691-933b49545e66] INFO  o.eclipse.m2e.core.internal.Bundles - 	Entry: /Users/jeonminjeong/.p2/pool/plugins/org.eclipse.m2e.maven.runtime_3.9.400.20230826-0755/jars/plexus-build-api-0.0.7.jar
2023-12-05 18:07:07,941 [Worker-10: Launching mavenrun-d2da4581-f42e-4171-9691-933b49545e66] INFO  o.eclipse.m2e.core.internal.Bundles - 	Entry: /Users/jeonminjeong/.p2/pool/plugins/org.eclipse.m2e.maven.runtime_3.9.400.20230826-0755/jars/plexus-cipher-2.0.jar
2023-12-05 18:07:07,941 [Worker-10: Launching mavenrun-d2da4581-f42e-4171-9691-933b49545e66] INFO  o.eclipse.m2e.core.internal.Bundles - 	Entry: /Users/jeonminjeong/.p2/pool/plugins/org.eclipse.m2e.maven.runtime_3.9.400.20230826-0755/jars/plexus-classworlds-2.7.0.jar
2023-12-05 18:07:07,941 [Worker-10: Launching mavenrun-d2da4581-f42e-4171-9691-933b49545e66] INFO  o.eclipse.m2e.core.internal.Bundles - 	Entry: /Users/jeonminjeong/.p2/pool/plugins/org.eclipse.m2e.maven.runtime_3.9.400.20230826-0755/jars/plexus-component-annotations-2.1.0.jar
2023-12-05 18:07:07,941 [Worker-10: Launching mavenrun-d2da4581-f42e-4171-9691-933b49545e66] INFO  o.eclipse.m2e.core.internal.Bundles - 	Entry: /Users/jeonminjeong/.p2/pool/plugins/org.eclipse.m2e.maven.runtime_3.9.400.20230826-0755/jars/plexus-interpolation-1.26.jar
2023-12-05 18:07:07,941 [Worker-10: Launching mavenrun-d2da4581-f42e-4171-9691-933b49545e66] INFO  o.eclipse.m2e.core.internal.Bundles - 	Entry: /Users/jeonminjeong/.p2/pool/plugins/org.eclipse.m2e.maven.runtime_3.9.400.20230826-0755/jars/plexus-sec-dispatcher-2.0.jar
2023-12-05 18:07:07,941 [Worker-10: Launching mavenrun-d2da4581-f42e-4171-9691-933b49545e66] INFO  o.eclipse.m2e.core.internal.Bundles - 	Entry: /Users/jeonminjeong/.p2/pool/plugins/org.eclipse.m2e.maven.runtime_3.9.400.20230826-0755/jars/plexus-utils-3.5.1.jar
2023-12-05 18:07:07,941 [Worker-10: Launching mavenrun-d2da4581-f42e-4171-9691-933b49545e66] INFO  o.eclipse.m2e.core.internal.Bundles - 	Entry: /Users/jeonminjeong/.p2/pool/plugins/org.eclipse.m2e.maven.runtime_3.9.400.20230826-0755/jars/wagon-file-3.5.3.jar
2023-12-05 18:07:07,941 [Worker-10: Launching mavenrun-d2da4581-f42e-4171-9691-933b49545e66] INFO  o.eclipse.m2e.core.internal.Bundles - 	Entry: /Users/jeonminjeong/.p2/pool/plugins/org.eclipse.m2e.maven.runtime_3.9.400.20230826-0755/jars/wagon-provider-api-3.5.3.jar
2023-12-05 18:07:07,942 [Worker-10: Launching mavenrun-d2da4581-f42e-4171-9691-933b49545e66] INFO  o.eclipse.m2e.core.internal.Bundles - getClasspathEntries(Bundle=com.google.guava_32.1.2.jre [10])
2023-12-05 18:07:07,942 [Worker-10: Launching mavenrun-d2da4581-f42e-4171-9691-933b49545e66] INFO  o.eclipse.m2e.core.internal.Bundles - 	Entry: /Users/jeonminjeong/.p2/pool/plugins/com.google.guava_32.1.2.jre.jar
2023-12-05 18:07:07,942 [Worker-10: Launching mavenrun-d2da4581-f42e-4171-9691-933b49545e66] INFO  o.eclipse.m2e.core.internal.Bundles - getClasspathEntries(Bundle=slf4j.api_2.0.9 [512])
2023-12-05 18:07:07,942 [Worker-10: Launching mavenrun-d2da4581-f42e-4171-9691-933b49545e66] INFO  o.eclipse.m2e.core.internal.Bundles - 	Entry: /Users/jeonminjeong/.p2/pool/plugins/slf4j.api_2.0.9.jar
2023-12-05 18:07:07,942 [Worker-10: Launching mavenrun-d2da4581-f42e-4171-9691-933b49545e66] INFO  o.eclipse.m2e.core.internal.Bundles - getClasspathEntries(Bundle=javax.inject_1.0.0.v20220405-0441 [26])
2023-12-05 18:07:07,942 [Worker-10: Launching mavenrun-d2da4581-f42e-4171-9691-933b49545e66] INFO  o.eclipse.m2e.core.internal.Bundles - 	Entry: /Users/jeonminjeong/.p2/pool/plugins/javax.inject_1.0.0.v20220405-0441.jar
2023-12-05 18:07:07,942 [Worker-10: Launching mavenrun-d2da4581-f42e-4171-9691-933b49545e66] INFO  o.eclipse.m2e.core.internal.Bundles - getClasspathEntries(Bundle=javax.annotation_1.3.5.v20200909-1856 [24])
2023-12-05 18:07:07,942 [Worker-10: Launching mavenrun-d2da4581-f42e-4171-9691-933b49545e66] INFO  o.eclipse.m2e.core.internal.Bundles - 	Entry: /Users/jeonminjeong/.p2/pool/plugins/javax.annotation_1.3.5.v20200909-1856.jar
2023-12-05 18:07:07,942 [Worker-10: Launching mavenrun-d2da4581-f42e-4171-9691-933b49545e66] INFO  o.eclipse.m2e.core.internal.Bundles - getClasspathEntries(Bundle=org.apache.commons.cli_1.5.0 [49])
2023-12-05 18:07:07,942 [Worker-10: Launching mavenrun-d2da4581-f42e-4171-9691-933b49545e66] INFO  o.eclipse.m2e.core.internal.Bundles - 	Entry: /Users/jeonminjeong/.p2/pool/plugins/org.apache.commons.cli_1.5.0.jar
2023-12-05 18:07:07,942 [Worker-10: Launching mavenrun-d2da4581-f42e-4171-9691-933b49545e66] INFO  o.eclipse.m2e.core.internal.Bundles - getClasspathEntries(Bundle=com.google.guava.failureaccess_1.0.1 [12])
2023-12-05 18:07:07,943 [Worker-10: Launching mavenrun-d2da4581-f42e-4171-9691-933b49545e66] INFO  o.eclipse.m2e.core.internal.Bundles - 	Entry: /Users/jeonminjeong/.p2/pool/plugins/com.google.guava.failureaccess_1.0.1.jar
2023-12-05 18:07:07,948 [Worker-10: Launching mavenrun-d2da4581-f42e-4171-9691-933b49545e66] INFO  o.e.m.i.launch.MavenLaunchDelegate - Run build in "/var/folders/gp/_sc74v0x7p55gm1g6_4rpyfc0000gn/T/m2e-archetypeGenerator11136606255273840868":
2023-12-05 18:07:07,952 [Worker-10: Launching mavenrun-d2da4581-f42e-4171-9691-933b49545e66] INFO  o.e.m.i.launch.MavenLaunchDelegate -  mvn  -DscalaVersion=2.7.7 -DliftVersion=2.0 -DarchetypeGroupId=net.liftweb -DarchetypeArtifactId=lift-archetype-jpa-basic -DarchetypeVersion=2.0 -DgroupId=jpa-basic -DartifactId=ex1-hello-jpa -Dversion=1.0.0 -Dpackage=jpa_basic.ex1_hello_jpa -DoutputDirectory=/Users/jeonminjeong/Desktop/STUDY_JPA/workspace -Dstyle.color=always -U archetype:generate
2023-12-05 18:07:31,716 [Worker-15: Creating lift-archetype-jpa-basic] INFO  o.e.m.c.i.p.ProjectConfigurationManager - Collecting project info '/pom.xml' /Users/jeonminjeong/Desktop/STUDY_JPA/workspace/ex1-hello-jpa/pom.xml
2023-12-05 18:07:31,716 [Worker-15: Creating lift-archetype-jpa-basic] INFO  o.e.m.c.i.p.ProjectConfigurationManager - Collecting project info 'web/pom.xml' /Users/jeonminjeong/Desktop/STUDY_JPA/workspace/ex1-hello-jpa/web/pom.xml
2023-12-05 18:07:31,716 [Worker-15: Creating lift-archetype-jpa-basic] INFO  o.e.m.c.i.p.ProjectConfigurationManager - Collecting project info 'spa/pom.xml' /Users/jeonminjeong/Desktop/STUDY_JPA/workspace/ex1-hello-jpa/spa/pom.xml
2023-12-05 18:07:32,091 [Worker-15: Creating lift-archetype-jpa-basic] INFO  o.e.m.c.i.e.AbstractTransferListenerAdapter - Downloaded https://repo.maven.apache.org/maven2/jpa-basic/$artifactId/1.0.0/$artifactId-1.0.0.pom
2023-12-05 18:07:32,319 [DefaultMetadataResolver-0-1] INFO  o.e.m.c.i.e.AbstractTransferListenerAdapter - Downloading https://repo.maven.apache.org/maven2/org/apache/maven/plugins/maven-surefire-plugin/maven-metadata.xml
2023-12-05 18:07:32,348 [DefaultMetadataResolver-0-1] INFO  o.e.m.c.i.e.AbstractTransferListenerAdapter - Downloaded https://repo.maven.apache.org/maven2/org/apache/maven/plugins/maven-surefire-plugin/maven-metadata.xml
2023-12-05 18:07:35,491 [DefaultMetadataResolver-0-0] INFO  o.e.m.c.i.e.AbstractTransferListenerAdapter - Downloaded http://scala-tools.org/repo-releases/org/apache/maven/plugins/maven-surefire-plugin/maven-metadata.xml
2023-12-05 18:07:36,971 [Worker-15: Creating lift-archetype-jpa-basic] INFO  o.e.m.c.i.e.AbstractTransferListenerAdapter - Downloaded http://scala-tools.org/repo-releases/org/apache/maven/plugins/maven-surefire-plugin/3.2.2/maven-surefire-plugin-3.2.2.pom
2023-12-05 18:07:36,988 [Worker-15: Creating lift-archetype-jpa-basic] INFO  o.e.m.c.i.e.AbstractTransferListenerAdapter - Downloading https://repo.maven.apache.org/maven2/org/apache/maven/plugins/maven-surefire-plugin/3.2.2/maven-surefire-plugin-3.2.2.pom
2023-12-05 18:07:37,004 [Worker-15: Creating lift-archetype-jpa-basic] INFO  o.e.m.c.i.e.AbstractTransferListenerAdapter - Downloaded https://repo.maven.apache.org/maven2/org/apache/maven/plugins/maven-surefire-plugin/3.2.2/maven-surefire-plugin-3.2.2.pom
2023-12-05 18:07:37,787 [Worker-15: Creating lift-archetype-jpa-basic] INFO  o.e.m.c.i.e.AbstractTransferListenerAdapter - Downloaded http://scala-tools.org/repo-releases/org/apache/maven/surefire/surefire/3.2.2/surefire-3.2.2.pom
2023-12-05 18:07:37,809 [Worker-15: Creating lift-archetype-jpa-basic] INFO  o.e.m.c.i.e.AbstractTransferListenerAdapter - Downloading https://repo.maven.apache.org/maven2/org/apache/maven/surefire/surefire/3.2.2/surefire-3.2.2.pom
2023-12-05 18:07:37,832 [Worker-15: Creating lift-archetype-jpa-basic] INFO  o.e.m.c.i.e.AbstractTransferListenerAdapter - Downloaded https://repo.maven.apache.org/maven2/org/apache/maven/surefire/surefire/3.2.2/surefire-3.2.2.pom
2023-12-05 18:07:38,615 [Worker-15: Creating lift-archetype-jpa-basic] INFO  o.e.m.c.i.e.AbstractTransferListenerAdapter - Downloaded http://scala-tools.org/repo-releases/org/apache/maven/maven-parent/40/maven-parent-40.pom
2023-12-05 18:07:38,631 [Worker-15: Creating lift-archetype-jpa-basic] INFO  o.e.m.c.i.e.AbstractTransferListenerAdapter - Downloading https://repo.maven.apache.org/maven2/org/apache/maven/maven-parent/40/maven-parent-40.pom
2023-12-05 18:07:38,652 [Worker-15: Creating lift-archetype-jpa-basic] INFO  o.e.m.c.i.e.AbstractTransferListenerAdapter - Downloaded https://repo.maven.apache.org/maven2/org/apache/maven/maven-parent/40/maven-parent-40.pom
2023-12-05 18:07:39,467 [Worker-15: Creating lift-archetype-jpa-basic] INFO  o.e.m.c.i.e.AbstractTransferListenerAdapter - Downloaded http://scala-tools.org/repo-releases/org/apache/apache/30/apache-30.pom
2023-12-05 18:07:39,484 [Worker-15: Creating lift-archetype-jpa-basic] INFO  o.e.m.c.i.e.AbstractTransferListenerAdapter - Downloading https://repo.maven.apache.org/maven2/org/apache/apache/30/apache-30.pom
2023-12-05 18:07:39,500 [Worker-15: Creating lift-archetype-jpa-basic] INFO  o.e.m.c.i.e.AbstractTransferListenerAdapter - Downloaded https://repo.maven.apache.org/maven2/org/apache/apache/30/apache-30.pom
2023-12-05 18:07:39,990 [Worker-25: reload maven project] ERROR o.e.m.c.i.p.r.ProjectRegistryManager - Failed to read Maven project: Some problems were encountered while processing the POMs:
[WARNING] 'parent.relativePath' of POM jpa-basic:$artifactId-spa:1.0.0 (/Users/jeonminjeong/Desktop/STUDY_JPA/workspace/ex1-hello-jpa/spa/pom.xml) points at jpa-basic:ex1-hello-jpa instead of jpa-basic:$artifactId, please verify your project structure @ line 8, column 11
[FATAL] Non-resolvable parent POM for jpa-basic:$artifactId-spa:1.0.0: The following artifacts could not be resolved: jpa-basic:$artifactId:pom:1.0.0 (absent): jpa-basic:$artifactId:pom:1.0.0 was not found in https://repo.maven.apache.org/maven2 during a previous attempt. This failure was cached in the local repository and resolution is not reattempted until the update interval of central has elapsed or updates are forced and 'parent.relativePath' points at wrong local POM @ line 8, column 11

org.apache.maven.project.ProjectBuildingException: Some problems were encountered while processing the POMs:
[WARNING] 'parent.relativePath' of POM jpa-basic:$artifactId-spa:1.0.0 (/Users/jeonminjeong/Desktop/STUDY_JPA/workspace/ex1-hello-jpa/spa/pom.xml) points at jpa-basic:ex1-hello-jpa instead of jpa-basic:$artifactId, please verify your project structure @ line 8, column 11
[FATAL] Non-resolvable parent POM for jpa-basic:$artifactId-spa:1.0.0: The following artifacts could not be resolved: jpa-basic:$artifactId:pom:1.0.0 (absent): jpa-basic:$artifactId:pom:1.0.0 was not found in https://repo.maven.apache.org/maven2 during a previous attempt. This failure was cached in the local repository and resolution is not reattempted until the update interval of central has elapsed or updates are forced and 'parent.relativePath' points at wrong local POM @ line 8, column 11

	at org.eclipse.m2e.core.internal.IMavenToolbox.readMavenProjects(IMavenToolbox.java:131)
	at org.eclipse.m2e.core.internal.project.registry.ProjectRegistryManager.lambda$22(ProjectRegistryManager.java:940)
	at org.eclipse.m2e.core.internal.embedder.MavenExecutionContext.executeBare(MavenExecutionContext.java:394)
	at org.eclipse.m2e.core.internal.embedder.MavenExecutionContext.execute(MavenExecutionContext.java:275)
	at org.eclipse.m2e.core.internal.embedder.MavenExecutionContext.execute(MavenExecutionContext.java:214)
	at org.eclipse.m2e.core.internal.project.registry.ProjectRegistryManager.readProjectsWithDependencies(ProjectRegistryManager.java:936)
	at org.eclipse.m2e.core.internal.project.registry.ProjectRegistryManager.create(ProjectRegistryManager.java:220)
	at org.eclipse.m2e.core.internal.project.registry.MavenProjectManager.create(MavenProjectManager.java:105)
	at org.eclipse.m2e.core.ui.internal.actions.SelectionUtil.getMavenProject(SelectionUtil.java:239)
	at org.eclipse.m2e.editor.pom.MavenPomEditor.readMavenProject(MavenPomEditor.java:708)
	at org.eclipse.m2e.editor.pom.MavenPomEditor$4.run(MavenPomEditor.java:1028)
	at org.eclipse.core.internal.jobs.Worker.run(Worker.java:63)
2023-12-05 18:07:40,300 [Worker-15: Creating lift-archetype-jpa-basic] INFO  o.e.m.c.i.e.AbstractTransferListenerAdapter - Downloaded http://scala-tools.org/repo-releases/org/junit/junit-bom/5.9.3/junit-bom-5.9.3.pom
2023-12-05 18:07:40,313 [Worker-15: Creating lift-archetype-jpa-basic] INFO  o.e.m.c.i.e.AbstractTransferListenerAdapter - Downloading https://repo.maven.apache.org/maven2/org/junit/junit-bom/5.9.3/junit-bom-5.9.3.pom
2023-12-05 18:07:40,325 [Worker-15: Creating lift-archetype-jpa-basic] INFO  o.e.m.c.i.e.AbstractTransferListenerAdapter - Downloaded https://repo.maven.apache.org/maven2/org/junit/junit-bom/5.9.3/junit-bom-5.9.3.pom
2023-12-05 18:07:41,105 [Worker-15: Creating lift-archetype-jpa-basic] INFO  o.e.m.c.i.e.AbstractTransferListenerAdapter - Downloaded http://scala-tools.org/repo-releases/org/apache/maven/plugins/maven-surefire-plugin/3.2.2/maven-surefire-plugin-3.2.2.jar
2023-12-05 18:07:41,118 [Worker-15: Creating lift-archetype-jpa-basic] INFO  o.e.m.c.i.e.AbstractTransferListenerAdapter - Downloading https://repo.maven.apache.org/maven2/org/apache/maven/plugins/maven-surefire-plugin/3.2.2/maven-surefire-plugin-3.2.2.jar
2023-12-05 18:07:41,139 [Worker-15: Creating lift-archetype-jpa-basic] INFO  o.e.m.c.i.e.AbstractTransferListenerAdapter - Downloaded https://repo.maven.apache.org/maven2/org/apache/maven/plugins/maven-surefire-plugin/3.2.2/maven-surefire-plugin-3.2.2.jar
2023-12-05 18:07:41,969 [Worker-15: Creating lift-archetype-jpa-basic] INFO  o.e.m.c.i.e.AbstractTransferListenerAdapter - Downloaded http://scala-tools.org/repo-releases/org/scala-tools/maven-scala-plugin/2.13.1/maven-scala-plugin-2.13.1.pom
2023-12-05 18:07:42,202 [Worker-15: Creating lift-archetype-jpa-basic] INFO  o.e.m.c.i.e.AbstractTransferListenerAdapter - Downloading https://repo.maven.apache.org/maven2/org/scala-tools/maven-scala-plugin/2.13.1/maven-scala-plugin-2.13.1.pom
2023-12-05 18:07:42,415 [Worker-15: Creating lift-archetype-jpa-basic] INFO  o.e.m.c.i.e.AbstractTransferListenerAdapter - Downloaded https://repo.maven.apache.org/maven2/org/scala-tools/maven-scala-plugin/2.13.1/maven-scala-plugin-2.13.1.pom
2023-12-05 18:07:43,227 [Worker-15: Creating lift-archetype-jpa-basic] INFO  o.e.m.c.i.e.AbstractTransferListenerAdapter - Downloaded http://scala-tools.org/repo-releases/org/scala-tools/scala-tools-parent/1.5/scala-tools-parent-1.5.pom
2023-12-05 18:07:43,449 [Worker-15: Creating lift-archetype-jpa-basic] INFO  o.e.m.c.i.e.AbstractTransferListenerAdapter - Downloading https://repo.maven.apache.org/maven2/org/scala-tools/scala-tools-parent/1.5/scala-tools-parent-1.5.pom
2023-12-05 18:07:43,664 [Worker-15: Creating lift-archetype-jpa-basic] INFO  o.e.m.c.i.e.AbstractTransferListenerAdapter - Downloaded https://repo.maven.apache.org/maven2/org/scala-tools/scala-tools-parent/1.5/scala-tools-parent-1.5.pom
2023-12-05 18:07:44,447 [Worker-15: Creating lift-archetype-jpa-basic] INFO  o.e.m.c.i.e.AbstractTransferListenerAdapter - Downloaded http://scala-tools.org/repo-releases/org/scala-tools/maven-scala-plugin/2.13.1/maven-scala-plugin-2.13.1.jar
2023-12-05 18:07:44,660 [Worker-15: Creating lift-archetype-jpa-basic] INFO  o.e.m.c.i.e.AbstractTransferListenerAdapter - Downloading https://repo.maven.apache.org/maven2/org/scala-tools/maven-scala-plugin/2.13.1/maven-scala-plugin-2.13.1.jar
2023-12-05 18:07:44,907 [Worker-15: Creating lift-archetype-jpa-basic] INFO  o.e.m.c.i.e.AbstractTransferListenerAdapter - Downloaded https://repo.maven.apache.org/maven2/org/scala-tools/maven-scala-plugin/2.13.1/maven-scala-plugin-2.13.1.jar
2023-12-05 18:07:44,929 [Worker-15: Creating lift-archetype-jpa-basic] INFO  o.e.m.c.i.l.LifecycleMappingFactory - Using NULL lifecycle mapping for MavenProject: jpa-basic:ex1-hello-jpa:1.0.0 @ /Users/jeonminjeong/Desktop/STUDY_JPA/workspace/ex1-hello-jpa/pom.xml.
2023-12-05 18:07:45,717 [Worker-15: Creating lift-archetype-jpa-basic] INFO  o.e.m.c.i.e.AbstractTransferListenerAdapter - Downloaded http://scala-tools.org/repo-releases/org/scala-lang/scala-library/2.7.7/scala-library-2.7.7.pom
2023-12-05 18:07:45,732 [Worker-15: Creating lift-archetype-jpa-basic] INFO  o.e.m.c.i.e.AbstractTransferListenerAdapter - Downloading https://repo.maven.apache.org/maven2/org/scala-lang/scala-library/2.7.7/scala-library-2.7.7.pom
2023-12-05 18:07:45,948 [Worker-15: Creating lift-archetype-jpa-basic] INFO  o.e.m.c.i.e.AbstractTransferListenerAdapter - Downloaded https://repo.maven.apache.org/maven2/org/scala-lang/scala-library/2.7.7/scala-library-2.7.7.pom
2023-12-05 18:07:46,766 [Worker-15: Creating lift-archetype-jpa-basic] INFO  o.e.m.c.i.e.AbstractTransferListenerAdapter - Downloaded http://scala-tools.org/repo-releases/org/scala-lang/scala-compiler/2.7.7/scala-compiler-2.7.7.pom
2023-12-05 18:07:46,986 [Worker-15: Creating lift-archetype-jpa-basic] INFO  o.e.m.c.i.e.AbstractTransferListenerAdapter - Downloading https://repo.maven.apache.org/maven2/org/scala-lang/scala-compiler/2.7.7/scala-compiler-2.7.7.pom
2023-12-05 18:07:47,193 [Worker-15: Creating lift-archetype-jpa-basic] INFO  o.e.m.c.i.e.AbstractTransferListenerAdapter - Downloaded https://repo.maven.apache.org/maven2/org/scala-lang/scala-compiler/2.7.7/scala-compiler-2.7.7.pom
2023-12-05 18:07:47,979 [Worker-15: Creating lift-archetype-jpa-basic] INFO  o.e.m.c.i.e.AbstractTransferListenerAdapter - Downloaded http://scala-tools.org/repo-releases/org/apache/derby/derby/10.4.2.0/derby-10.4.2.0.pom
2023-12-05 18:07:48,002 [Worker-15: Creating lift-archetype-jpa-basic] INFO  o.e.m.c.i.e.AbstractTransferListenerAdapter - Downloading https://repo.maven.apache.org/maven2/org/apache/derby/derby/10.4.2.0/derby-10.4.2.0.pom
2023-12-05 18:07:48,222 [Worker-15: Creating lift-archetype-jpa-basic] INFO  o.e.m.c.i.e.AbstractTransferListenerAdapter - Downloaded https://repo.maven.apache.org/maven2/org/apache/derby/derby/10.4.2.0/derby-10.4.2.0.pom
2023-12-05 18:07:49,017 [AetherRepositoryConnector-scala-tools.org-1-0] INFO  o.e.m.c.i.e.AbstractTransferListenerAdapter - Downloaded http://scala-tools.org/repo-releases/org/scala-lang/scala-library/2.7.7/scala-library-2.7.7.jar
2023-12-05 18:07:49,485 [AetherRepositoryConnector-scala-tools.org-1-1] INFO  o.e.m.c.i.e.AbstractTransferListenerAdapter - Downloaded http://scala-tools.org/repo-releases/org/scala-lang/scala-compiler/2.7.7/scala-compiler-2.7.7.jar
2023-12-05 18:07:50,379 [AetherRepositoryConnector-scala-tools.org-1-2] INFO  o.e.m.c.i.e.AbstractTransferListenerAdapter - Downloaded http://scala-tools.org/repo-releases/org/apache/derby/derby/10.4.2.0/derby-10.4.2.0.jar
2023-12-05 18:07:50,417 [AetherRepositoryConnector-repo.maven.apache.org-2-2] INFO  o.e.m.c.i.e.AbstractTransferListenerAdapter - Downloading https://repo.maven.apache.org/maven2/org/apache/derby/derby/10.4.2.0/derby-10.4.2.0.jar
2023-12-05 18:07:50,811 [AetherRepositoryConnector-repo.maven.apache.org-2-1] INFO  o.e.m.c.i.e.AbstractTransferListenerAdapter - Downloading https://repo.maven.apache.org/maven2/org/scala-lang/scala-compiler/2.7.7/scala-compiler-2.7.7.jar
2023-12-05 18:07:51,029 [AetherRepositoryConnector-repo.maven.apache.org-2-2] INFO  o.e.m.c.i.e.AbstractTransferListenerAdapter - Downloaded https://repo.maven.apache.org/maven2/org/apache/derby/derby/10.4.2.0/derby-10.4.2.0.jar
2023-12-05 18:07:51,120 [AetherRepositoryConnector-repo.maven.apache.org-2-0] INFO  o.e.m.c.i.e.AbstractTransferListenerAdapter - Downloading https://repo.maven.apache.org/maven2/org/scala-lang/scala-library/2.7.7/scala-library-2.7.7.jar
2023-12-05 18:07:52,159 [AetherRepositoryConnector-repo.maven.apache.org-2-0] INFO  o.e.m.c.i.e.AbstractTransferListenerAdapter - Downloaded https://repo.maven.apache.org/maven2/org/scala-lang/scala-library/2.7.7/scala-library-2.7.7.jar
2023-12-05 18:07:52,394 [AetherRepositoryConnector-repo.maven.apache.org-2-1] INFO  o.e.m.c.i.e.AbstractTransferListenerAdapter - Downloaded https://repo.maven.apache.org/maven2/org/scala-lang/scala-compiler/2.7.7/scala-compiler-2.7.7.jar
2023-12-05 18:07:52,412 [Worker-15: Creating lift-archetype-jpa-basic] INFO  o.e.m.c.i.p.ProjectConfigurationManager - Imported and configured 3 project(s) in 20 sec
2023-12-05 18:07:59,293 [Worker-16: reload maven project] ERROR o.e.m.c.i.p.r.ProjectRegistryManager - Failed to read Maven project: Some problems were encountered while processing the POMs:
[WARNING] 'parent.relativePath' of POM jpa-basic:$artifactId-spa:1.0.0 (/Users/jeonminjeong/Desktop/STUDY_JPA/workspace/ex1-hello-jpa/spa/pom.xml) points at jpa-basic:ex1-hello-jpa instead of jpa-basic:$artifactId, please verify your project structure @ line 8, column 11
[FATAL] Non-resolvable parent POM for jpa-basic:$artifactId-spa:1.0.0: The following artifacts could not be resolved: jpa-basic:$artifactId:pom:1.0.0 (absent): jpa-basic:$artifactId:pom:1.0.0 was not found in https://repo.maven.apache.org/maven2 during a previous attempt. This failure was cached in the local repository and resolution is not reattempted until the update interval of central has elapsed or updates are forced and 'parent.relativePath' points at wrong local POM @ line 8, column 11

org.apache.maven.project.ProjectBuildingException: Some problems were encountered while processing the POMs:
[WARNING] 'parent.relativePath' of POM jpa-basic:$artifactId-spa:1.0.0 (/Users/jeonminjeong/Desktop/STUDY_JPA/workspace/ex1-hello-jpa/spa/pom.xml) points at jpa-basic:ex1-hello-jpa instead of jpa-basic:$artifactId, please verify your project structure @ line 8, column 11
[FATAL] Non-resolvable parent POM for jpa-basic:$artifactId-spa:1.0.0: The following artifacts could not be resolved: jpa-basic:$artifactId:pom:1.0.0 (absent): jpa-basic:$artifactId:pom:1.0.0 was not found in https://repo.maven.apache.org/maven2 during a previous attempt. This failure was cached in the local repository and resolution is not reattempted until the update interval of central has elapsed or updates are forced and 'parent.relativePath' points at wrong local POM @ line 8, column 11

	at org.eclipse.m2e.core.internal.IMavenToolbox.readMavenProjects(IMavenToolbox.java:131)
	at org.eclipse.m2e.core.internal.project.registry.ProjectRegistryManager.lambda$22(ProjectRegistryManager.java:940)
	at org.eclipse.m2e.core.internal.embedder.MavenExecutionContext.executeBare(MavenExecutionContext.java:394)
	at org.eclipse.m2e.core.internal.embedder.MavenExecutionContext.execute(MavenExecutionContext.java:275)
	at org.eclipse.m2e.core.internal.embedder.MavenExecutionContext.execute(MavenExecutionContext.java:214)
	at org.eclipse.m2e.core.internal.project.registry.ProjectRegistryManager.readProjectsWithDependencies(ProjectRegistryManager.java:936)
	at org.eclipse.m2e.core.internal.project.registry.ProjectRegistryManager.create(ProjectRegistryManager.java:220)
	at org.eclipse.m2e.core.internal.project.registry.MavenProjectManager.create(MavenProjectManager.java:105)
	at org.eclipse.m2e.core.ui.internal.actions.SelectionUtil.getMavenProject(SelectionUtil.java:239)
	at org.eclipse.m2e.editor.pom.MavenPomEditor.readMavenProject(MavenPomEditor.java:708)
	at org.eclipse.m2e.editor.pom.MavenPomEditor$4.run(MavenPomEditor.java:1028)
	at org.eclipse.core.internal.jobs.Worker.run(Worker.java:63)
2023-12-05 18:08:08,422 [Worker-24: reload maven project] ERROR o.e.m.c.i.p.r.ProjectRegistryManager - Failed to read Maven project: Some problems were encountered while processing the POMs:
[WARNING] 'parent.relativePath' of POM jpa-basic:$artifactId-web:1.0.0 (/Users/jeonminjeong/Desktop/STUDY_JPA/workspace/ex1-hello-jpa/web/pom.xml) points at jpa-basic:ex1-hello-jpa instead of jpa-basic:$artifactId, please verify your project structure @ line 9, column 11
[FATAL] Non-resolvable parent POM for jpa-basic:$artifactId-web:1.0.0: The following artifacts could not be resolved: jpa-basic:$artifactId:pom:1.0.0 (absent): jpa-basic:$artifactId:pom:1.0.0 was not found in https://repo.maven.apache.org/maven2 during a previous attempt. This failure was cached in the local repository and resolution is not reattempted until the update interval of central has elapsed or updates are forced and 'parent.relativePath' points at wrong local POM @ line 9, column 11

org.apache.maven.project.ProjectBuildingException: Some problems were encountered while processing the POMs:
[WARNING] 'parent.relativePath' of POM jpa-basic:$artifactId-web:1.0.0 (/Users/jeonminjeong/Desktop/STUDY_JPA/workspace/ex1-hello-jpa/web/pom.xml) points at jpa-basic:ex1-hello-jpa instead of jpa-basic:$artifactId, please verify your project structure @ line 9, column 11
[FATAL] Non-resolvable parent POM for jpa-basic:$artifactId-web:1.0.0: The following artifacts could not be resolved: jpa-basic:$artifactId:pom:1.0.0 (absent): jpa-basic:$artifactId:pom:1.0.0 was not found in https://repo.maven.apache.org/maven2 during a previous attempt. This failure was cached in the local repository and resolution is not reattempted until the update interval of central has elapsed or updates are forced and 'parent.relativePath' points at wrong local POM @ line 9, column 11

	at org.eclipse.m2e.core.internal.IMavenToolbox.readMavenProjects(IMavenToolbox.java:131)
	at org.eclipse.m2e.core.internal.project.registry.ProjectRegistryManager.lambda$22(ProjectRegistryManager.java:940)
	at org.eclipse.m2e.core.internal.embedder.MavenExecutionContext.executeBare(MavenExecutionContext.java:394)
	at org.eclipse.m2e.core.internal.embedder.MavenExecutionContext.execute(MavenExecutionContext.java:275)
	at org.eclipse.m2e.core.internal.embedder.MavenExecutionContext.execute(MavenExecutionContext.java:214)
	at org.eclipse.m2e.core.internal.project.registry.ProjectRegistryManager.readProjectsWithDependencies(ProjectRegistryManager.java:936)
	at org.eclipse.m2e.core.internal.project.registry.ProjectRegistryManager.create(ProjectRegistryManager.java:220)
	at org.eclipse.m2e.core.internal.project.registry.MavenProjectManager.create(MavenProjectManager.java:105)
	at org.eclipse.m2e.core.ui.internal.actions.SelectionUtil.getMavenProject(SelectionUtil.java:239)
	at org.eclipse.m2e.editor.pom.MavenPomEditor.readMavenProject(MavenPomEditor.java:708)
	at org.eclipse.m2e.editor.pom.MavenPomEditor$4.run(MavenPomEditor.java:1028)
	at org.eclipse.core.internal.jobs.Worker.run(Worker.java:63)
2023-12-05 18:08:32,035 [Worker-27: reload maven project] ERROR o.e.m.c.i.p.r.ProjectRegistryManager - Failed to read Maven project: Some problems were encountered while processing the POMs:
[WARNING] 'parent.relativePath' of POM jpa-basic:$artifactId-spa:1.0.0 (/Users/jeonminjeong/Desktop/STUDY_JPA/workspace/ex1-hello-jpa/spa/pom.xml) points at jpa-basic:ex1-hello-jpa instead of jpa-basic:$artifactId, please verify your project structure @ line 8, column 11
[FATAL] Non-resolvable parent POM for jpa-basic:$artifactId-spa:1.0.0: The following artifacts could not be resolved: jpa-basic:$artifactId:pom:1.0.0 (absent): jpa-basic:$artifactId:pom:1.0.0 was not found in https://repo.maven.apache.org/maven2 during a previous attempt. This failure was cached in the local repository and resolution is not reattempted until the update interval of central has elapsed or updates are forced and 'parent.relativePath' points at wrong local POM @ line 8, column 11

org.apache.maven.project.ProjectBuildingException: Some problems were encountered while processing the POMs:
[WARNING] 'parent.relativePath' of POM jpa-basic:$artifactId-spa:1.0.0 (/Users/jeonminjeong/Desktop/STUDY_JPA/workspace/ex1-hello-jpa/spa/pom.xml) points at jpa-basic:ex1-hello-jpa instead of jpa-basic:$artifactId, please verify your project structure @ line 8, column 11
[FATAL] Non-resolvable parent POM for jpa-basic:$artifactId-spa:1.0.0: The following artifacts could not be resolved: jpa-basic:$artifactId:pom:1.0.0 (absent): jpa-basic:$artifactId:pom:1.0.0 was not found in https://repo.maven.apache.org/maven2 during a previous attempt. This failure was cached in the local repository and resolution is not reattempted until the update interval of central has elapsed or updates are forced and 'parent.relativePath' points at wrong local POM @ line 8, column 11

	at org.eclipse.m2e.core.internal.IMavenToolbox.readMavenProjects(IMavenToolbox.java:131)
	at org.eclipse.m2e.core.internal.project.registry.ProjectRegistryManager.lambda$22(ProjectRegistryManager.java:940)
	at org.eclipse.m2e.core.internal.embedder.MavenExecutionContext.executeBare(MavenExecutionContext.java:394)
	at org.eclipse.m2e.core.internal.embedder.MavenExecutionContext.execute(MavenExecutionContext.java:275)
	at org.eclipse.m2e.core.internal.embedder.MavenExecutionContext.execute(MavenExecutionContext.java:214)
	at org.eclipse.m2e.core.internal.project.registry.ProjectRegistryManager.readProjectsWithDependencies(ProjectRegistryManager.java:936)
	at org.eclipse.m2e.core.internal.project.registry.ProjectRegistryManager.create(ProjectRegistryManager.java:220)
	at org.eclipse.m2e.core.internal.project.registry.MavenProjectManager.create(MavenProjectManager.java:105)
	at org.eclipse.m2e.core.ui.internal.actions.SelectionUtil.getMavenProject(SelectionUtil.java:239)
	at org.eclipse.m2e.editor.pom.MavenPomEditor.readMavenProject(MavenPomEditor.java:708)
	at org.eclipse.m2e.editor.pom.MavenPomEditor$4.run(MavenPomEditor.java:1028)
	at org.eclipse.core.internal.jobs.Worker.run(Worker.java:63)
